// Jest Snapshot v1, https://goo.gl/fbAQLP

exports[`Pruebas en <PrimeraApp /> Debe mostar <PrimeraApp /> correctamente 1`] = `
<Fragment>
  <h1>
     
    Hola, soy Juank
     !!
  </h1>
  <p>
    Soy un subtitulo
  </p>
</Fragment>
`;
